> Task :app:compileJava UP-TO-DATE
> Task :app:processResources UP-TO-DATE
> Task :app:classes UP-TO-DATE
> Task :app:jar
> Task :app:startScripts
> Task :app:distTar
> Task :app:distZip
> Task :app:assemble
> Task :app:compileTestJava UP-TO-DATE
> Task :app:processTestResources NO-SOURCE
> Task :app:testClasses UP-TO-DATE
> Task :app:test
> Task :app:check
> Task :app:build

BUILD SUCCESSFUL in 7s
8 actionable tasks: 5 executed, 3 up-to-date
